// Jest Snapshot v1, https://goo.gl/fbAQLP

exports[`<UserList /> renders the UI as expected 1`] = `
<div
  className="ActiveList"
>
  <ul
    className="onStage"
  >
    <li>
      <div
        className="onStageParagraph"
      >
        <p
          className="stageName"
        >
          Koren Templeton
        </p>
        <p>
          On Stage
        </p>
      </div>
      <img
        alt="onStage.name"
        src="https://robohash.org/itaquevoluptatumrerum.jpg?size=200x200&set=set1"
      />
    </li>
    <li>
      <div
        className="onStageParagraph"
      >
        <p
          className="stageName"
        >
          Ashla Attwool
        </p>
        <p>
          On Stage
        </p>
      </div>
      <img
        alt="onStage.name"
        src="https://robohash.org/iustodoloremqueinventore.jpg?size=200x200&set=set1"
      />
    </li>
  </ul>
  <ul
    className="inSession"
  >
    <li>
      <p
        className="sessionName"
      >
        Caty Flucker
      </p>
      <p>
        In Session
      </p>
      <img
        alt="inSession.name"
        src="https://robohash.org/doloredolorescupiditate.jpg?size=200x200&set=set1"
      />
    </li>
    <li>
      <p
        className="sessionName"
      >
        Frank Runciman
      </p>
      <p>
        In Session
      </p>
      <img
        alt="inSession.name"
        src="https://robohash.org/etexercitationemassumenda.jpg?size=200x200&set=set1"
      />
    </li>
  </ul>
</div>
`;
